Component: ARM Compiler 5.06 update 6 (build 750) Tool: armlink [4d35ed]

==============================================================================

Section Cross References

    main.o(i.main) refers to multiplication.o(i.multiplication) for multiplication
    main.o(i.main) refers to main.o(.data) for g1000_array
    multiplication.o(i.multiplication) refers to _printf_percent.o(.ARM.Collect$$_printf_percent$$00000000) for _printf_percent
    multiplication.o(i.multiplication) refers to _printf_f.o(.ARM.Collect$$_printf_percent$$00000003) for _printf_f
    multiplication.o(i.multiplication) refers to printf1.o(x$fpl$printf1) for _printf_fp_dec
    multiplication.o(i.multiplication) refers to arm_mult_f32.o(.text.arm_mult_f32) for arm_mult_f32
    multiplication.o(i.multiplication) refers to asm_multiplication.o(test) for asm_multiplication
    multiplication.o(i.multiplication) refers to noretval__2printf.o(.text) for __2printf
    multiplication.o(i.multiplication) refers to f2d.o(x$fpl$f2d) for __aeabi_f2d
    multiplication.o(i.multiplication) refers to multiplication.o(.bss) for result
    std_dev.o(i.std_dev) refers to _printf_percent.o(.ARM.Collect$$_printf_percent$$00000000) for _printf_percent
    std_dev.o(i.std_dev) refers to _printf_f.o(.ARM.Collect$$_printf_percent$$00000003) for _printf_f
    std_dev.o(i.std_dev) refers to printf1.o(x$fpl$printf1) for _printf_fp_dec
    std_dev.o(i.std_dev) refers to f2d.o(x$fpl$f2d) for __aeabi_f2d
    std_dev.o(i.std_dev) refers to sqrt.o(i.__hardfp_sqrt) for __hardfp_sqrt
    std_dev.o(i.std_dev) refers to d2f.o(x$fpl$d2f) for __aeabi_d2f
    std_dev.o(i.std_dev) refers to asm_std_dev.o(test) for asm_std_dev
    std_dev.o(i.std_dev) refers to arm_std_f32.o(.text.arm_std_f32) for arm_std_f32
    std_dev.o(i.std_dev) refers to noretval__2printf.o(.text) for __2printf
    retarget_io.o(i.ITM_ReceiveChar) refers to retarget_io.o(.data) for ITM_RxBuffer
    retarget_io.o(i._sys_open) refers to strcmpv7m.o(.text) for strcmp
    retarget_io.o(i._sys_write) refers to retarget_io.o(i.stdout_putchar) for stdout_putchar
    retarget_io.o(i.stdout_putchar) refers to retarget_io.o(i.ITM_SendChar) for ITM_SendChar
    startup_armcm4.o(STACK) refers (Special) to heapauxi.o(.text) for __use_two_region_memory
    startup_armcm4.o(HEAP) refers (Special) to heapauxi.o(.text) for __use_two_region_memory
    startup_armcm4.o(RESET) refers (Special) to heapauxi.o(.text) for __use_two_region_memory
    startup_armcm4.o(RESET) refers to startup_armcm4.o(STACK) for __initial_sp
    startup_armcm4.o(RESET) refers to startup_armcm4.o(.text) for Reset_Handler
    startup_armcm4.o(.text) refers (Special) to heapauxi.o(.text) for __use_two_region_memory
    startup_armcm4.o(.text) refers to system_armcm4.o(i.SystemInit) for SystemInit
    startup_armcm4.o(.text) refers to __main.o(!!!main) for __main
    startup_armcm4.o(.text) refers to startup_armcm4.o(HEAP) for Heap_Mem
    startup_armcm4.o(.text) refers to startup_armcm4.o(STACK) for Stack_Mem
    system_armcm4.o(i.SystemCoreClockUpdate) refers to system_armcm4.o(.data) for SystemCoreClock
    system_armcm4.o(i.SystemInit) refers to startup_armcm4.o(RESET) for __Vectors
    system_armcm4.o(i.SystemInit) refers to system_armcm4.o(.data) for SystemCoreClock
    arm_mult_f32.o(.ARM.exidx.text.arm_mult_f32) refers to arm_mult_f32.o(.text.arm_mult_f32) for [Anonymous Symbol]
    arm_std_f32.o(.text.arm_std_f32) refers to sqrtf.o(i.__hardfp_sqrtf) for __hardfp_sqrtf
    arm_std_f32.o(.ARM.exidx.text.arm_std_f32) refers to arm_std_f32.o(.text.arm_std_f32) for [Anonymous Symbol]
    __2printf.o(.text) refers to _printf_char_file.o(.text) for _printf_char_file
    __2printf.o(.text) refers to stdio_streams.o(.bss) for __stdout
    noretval__2printf.o(.text) refers to _printf_char_file.o(.text) for _printf_char_file
    noretval__2printf.o(.text) refers to stdio_streams.o(.bss) for __stdout
    __printf.o(.text) refers to _printf_percent.o(.ARM.Collect$$_printf_percent$$00000000) for _printf_percent
    __printf_flags.o(.text) refers to _printf_percent.o(.ARM.Collect$$_printf_percent$$00000000) for _printf_percent
    __printf_flags.o(.text) refers to __printf_flags.o(.constdata) for .constdata
    __printf_ss.o(.text) refers to _printf_percent.o(.ARM.Collect$$_printf_percent$$00000000) for _printf_percent
    __printf_flags_ss.o(.text) refers to _printf_percent.o(.ARM.Collect$$_printf_percent$$00000000) for _printf_percent
    __printf_flags_ss.o(.text) refers to __printf_flags_ss.o(.constdata) for .constdata
    __printf_wp.o(.text) refers to __printf_wp.o(i._is_digit) for _is_digit
    __printf_wp.o(.text) refers to _printf_percent.o(.ARM.Collect$$_printf_percent$$00000000) for _printf_percent
    __printf_flags_wp.o(.text) refers to __printf_wp.o(i._is_digit) for _is_digit
[...]
    h1_alloc.o(.text) refers to init_alloc.o(.text) for __Heap_Full
    h1_alloc_mt.o(.text) refers (Special) to h1_init.o(.text) for __Heap_Initialize
    h1_alloc_mt.o(.text) refers to init_alloc.o(.text) for __Heap_Full
    h1_alloc_mt.o(.text) refers to rt_heap_descriptor_intlibspace.o(.text) for __rt_heap_descriptor
    _printf_char_file_locked.o(.text) refers to _printf_char_common.o(.text) for _printf_char_common
    _printf_char_file_locked.o(.text) refers to fputc.o(i._fputc$unlocked) for _fputc$unlocked
    fseek.o(.text) refers to retarget_io.o(i._sys_istty) for _sys_istty
    fseek.o(.text) refers to ftell.o(.text) for _ftell_internal
    fseek.o(.text) refers to retarget_io.o(i._sys_flen) for _sys_flen
    fseek.o(.text) refers to stdio.o(.text) for _seterr
    stdio.o(.text) refers to retarget_io.o(i._sys_seek) for _sys_seek
    stdio.o(.text) refers to retarget_io.o(i._sys_write) for _sys_write
    fwritefast.o(.text) refers to stdio.o(.text) for _writebuf
    fwritefast.o(.text) refers to flsbuf.o(.text) for __flsbuf_byte
    fwritefast.o(.text) refers to rt_memcpy_v6.o(.text) for __aeabi_memcpy
    fwritefast_locked.o(.text) refers to stdio.o(.text) for _writebuf
    fwritefast_locked.o(.text) refers to flsbuf.o(.text) for __flsbuf_byte
    fwritefast_locked.o(.text) refers to rt_memcpy_v6.o(.text) for __aeabi_memcpy
    defsig_exit.o(.text) refers to sys_exit.o(.text) for _sys_exit
    defsig_rtred_inner.o(.text) refers to defsig_general.o(.text) for __default_signal_display
    assert_stdio.o(.text) refers to fputs.o(.text) for fputs
    assert_stdio.o(.text) refers to fflush.o(.text) for fflush
    assert_stdio.o(.text) refers to stdio_streams.o(.bss) for __stderr
    argv_veneer.o(.emb_text) refers to no_argv.o(.text) for __ARM_get_argv
    sys_exit.o(.text) refers (Special) to use_no_semi.o(.text) for __I$use$semihosting
    sys_exit.o(.text) refers (Special) to indicate_semi.o(.text) for __semihosting_library_function
    rtexit2.o(.ARM.Collect$$rtexit$$00000003) refers to libshutdown.o(.ARM.Collect$$libshutdown$$00000000) for __rt_lib_shutdown
    rtexit2.o(.ARM.Collect$$rtexit$$00000004) refers to sys_exit.o(.text) for _sys_exit
    rtexit2.o(.ARM.exidx) refers to rtexit2.o(.ARM.Collect$$rtexit$$00000001) for .ARM.Collect$$rtexit$$00000001
    rtexit2.o(.ARM.exidx) refers to rtexit2.o(.ARM.Collect$$rtexit$$00000003) for .ARM.Collect$$rtexit$$00000003
    rtexit2.o(.ARM.exidx) refers to rtexit2.o(.ARM.Collect$$rtexit$$00000004) for .ARM.Collect$$rtexit$$00000004
    maybetermalloc2.o(.emb_text) refers (Special) to term_alloc.o(.text) for _terminate_alloc
    h1_extend.o(.text) refers to h1_free.o(.text) for free
    h1_init_mt.o(.text) refers to mutex_dummy.o(.text) for _mutex_initialize
    h1_extend_mt.o(.text) refers to h1_free_mt.o(.text) for _free_internal
    fflush.o(.text) refers to stdio.o(.text) for _fflush
    fflush.o(.text) refers to fseek.o(.text) for _fseek
    fflush.o(.text) refers to stdio_streams.o(.bss) for __stdin
    fputs.o(.text) refers to fputc.o(i.fputc) for fputc
    ftell.o(.text) refers to rt_errno_addr_intlibspace.o(.text) for __aeabi_errno_addr
    fflush_locked.o(.text) refers to stdio.o(.text) for _fflush
    fflush_locked.o(.text) refers to fseek.o(.text) for _fseek
    fflush_locked.o(.text) refers to fflush.o(.text) for _do_fflush
    fflush_locked.o(.text) refers to streamlock.o(.data) for _stream_list_lock
    fflush_locked.o(.text) refers to stdio_streams.o(.bss) for __stdin
    __raise.o(.text) refers to defsig.o(CL$$defsig) for __default_signal_handler
    defsig_general.o(.text) refers to sys_wrch.o(.text) for _ttywrch
    defsig_rtmem_outer.o(.text) refers to defsig_rtmem_inner.o(.text) for __rt_SIGRTMEM_inner
    defsig_rtmem_outer.o(.text) refers to defsig_exit.o(.text) for __sig_exit
    defsig_rtmem_formal.o(.text) refers to rt_raise.o(.text) for __rt_raise
    rt_memcpy_v6.o(.text) refers to rt_memcpy_w.o(.text) for __aeabi_memcpy4
    heapauxa.o(.text) refers to heapauxa.o(.data) for .data
    _get_argv.o(.text) refers (Special) to hrguard.o(.text) for __heap_region$guard
    _get_argv.o(.text) refers to h1_alloc.o(.text) for malloc
    _get_argv.o(.text) refers to defsig_rtmem_outer.o(.text) for __rt_SIGRTMEM
    _get_argv.o(.text) refers to sys_command.o(.text) for _sys_command_string
    _get_argv_nomalloc.o(.text) refers (Special) to hrguard.o(.text) for __heap_region$guard
    _get_argv_nomalloc.o(.text) refers to defsig_rtmem_outer.o(.text) for __rt_SIGRTMEM
    _get_argv_nomalloc.o(.text) refers to sys_command.o(.text) for _sys_command_string
    sys_wrch.o(.text) refers (Special) to use_no_semi.o(.text) for __I$use$semihosting
    sys_wrch.o(.text) refers (Special) to indicate_semi.o(.text) for __semihosting_library_function
    sys_command.o(.text) refers (Special) to use_no_semi.o(.text) for __I$use$semihosting
    sys_command.o(.text) refers (Special) to indicate_semi.o(.text) for __semihosting_library_function
    term_alloc.o(.text) refers (Special) to libshutdown2.o(.ARM.Collect$$libshutdown$$0000000E) for __rt_lib_shutdown_heap_2
    term_alloc.o(.text) refers to rt_heap_descriptor_intlibspace.o(.text) for __rt_heap_descriptor
    term_alloc.o(.text) refers to h1_final.o(.text) for __Heap_Finalize
    defsig_rtmem_inner.o(.text) refers to defsig_general.o(.text) for __default_signal_display
    defsig.o(CL$$defsig) refers to defsig_rtred_inner.o(.text) for __rt_SIGRTRED_inner
    defsig.o(CL$$defsig) refers to defsig_rtmem_inner.o(.text) for __rt_SIGRTMEM_inner
    libshutdown.o(.ARM.Collect$$libshutdown$$00000000) refers (Special) to libshutdown2.o(.ARM.Collect$$libshutdown$$00000002) for __rt_lib_shutdown_cpp_1
    libshutdown.o(.ARM.Collect$$libshutdown$$00000000) refers (Special) to libshutdown2.o(.ARM.Collect$$libshutdown$$00000007) for __rt_lib_shutdown_fp_trap_1
    libshutdown.o(.ARM.Collect$$libshutdown$$00000000) refers (Special) to libshutdown2.o(.ARM.Collect$$libshutdown$$0000000F) for __rt_lib_shutdown_heap_1
    libshutdown.o(.ARM.Collect$$libshutdown$$00000000) refers (Special) to libshutdown2.o(.ARM.Collect$$libshutdown$$00000010) for __rt_lib_shutdown_return
    libshutdown.o(.ARM.Collect$$libshutdown$$00000000) refers (Special) to libshutdown2.o(.ARM.Collect$$libshutdown$$0000000A) for __rt_lib_shutdown_signal_1
    libshutdown.o(.ARM.Collect$$libshutdown$$00000000) refers (Special) to libshutdown2.o(.ARM.Collect$$libshutdown$$00000004) for __rt_lib_shutdown_stdio_1
    libshutdown.o(.ARM.Collect$$libshutdown$$00000000) refers (Special) to libshutdown2.o(.ARM.Collect$$libshutdown$$0000000C) for __rt_lib_shutdown_user_alloc_1
    defsig_abrt_inner.o(.text) refers to defsig_general.o(.text) for __default_signal_display
    defsig_fpe_inner.o(.text) refers to defsig_general.o(.text) for __default_signal_display
    defsig_stak_inner.o(.text) refers to defsig_general.o(.text) for __default_signal_display
    defsig_pvfn_inner.o(.text) refers to defsig_general.o(.text) for __default_signal_display
    defsig_cppl_inner.o(.text) refers to defsig_general.o(.text) for __default_signal_display
    defsig_segv_inner.o(.text) refers to defsig_general.o(.text) for __default_signal_display
    defsig_other.o(.text) refers to defsig_general.o(.text) for __default_signal_display


==============================================================================

Removing Unused input sections from the image.

    Removing main.o(.rev16_text), (4 bytes).
    Removing main.o(.revsh_text), (4 bytes).
    Removing main.o(.rrx_text), (6 bytes).
    Removing multiplication.o(.rev16_text), (4 bytes).
    Removing multiplication.o(.revsh_text), (4 bytes).
    Removing multiplication.o(.rrx_text), (6 bytes).
    Removing std_dev.o(i.std_dev), (296 bytes).
    Removing asm_max.o(test), (50 bytes).
    Removing asm_std_dev.o(test), (94 bytes).
    Removing retarget_io.o(i.ITM_ReceiveChar), (36 bytes).
    Removing retarget_io.o(i._sys_read), (46 bytes).
    Removing retarget_io.o(.data), (4 bytes).
    Removing system_armcm4.o(.rev16_text), (4 bytes).
    Removing system_armcm4.o(.revsh_text), (4 bytes).
    Removing system_armcm4.o(.rrx_text), (6 bytes).
    Removing system_armcm4.o(i.SystemCoreClockUpdate), (16 bytes).
    Removing arm_mult_f32.o(.text), (0 bytes).
    Removing arm_mult_f32.o(.ARM.exidx.text.arm_mult_f32), (8 bytes).
    Removing arm_std_f32.o(.text), (0 bytes).
    Removing arm_std_f32.o(.text.arm_std_f32), (252 bytes).
    Removing arm_std_f32.o(.ARM.exidx.text.arm_std_f32), (8 bytes).

21 unused section(s) (total 852 bytes) removed from the image.

==============================================================================

Image Symbol Table

    Local Symbols

    Symbol Name                              Value     Ov Type        Size  Object(Section)

    RESET                                    0x00000000   Section      192  startup_armcm4.o(RESET)
    ../clib/angel/boardlib.s                 0x00000000   Number         0  boardshut.o ABSOLUTE
    ../clib/angel/boardlib.s                 0x00000000   Number         0  boardinit1.o ABSOLUTE
    ../clib/angel/boardlib.s                 0x00000000   Number         0  boardinit2.o ABSOLUTE
    ../clib/angel/boardlib.s                 0x00000000   Number         0  boardinit3.o ABSOLUTE
    ../clib/angel/dclz77c.s                  0x00000000   Number         0  __dclz77c.o ABSOLUTE
    ../clib/angel/handlers.s                 0x00000000   Number         0  __scatter_zi.o ABSOLUTE
    ../clib/angel/kernel.s                   0x00000000   Number         0  __rtentry.o ABSOLUTE
    ../clib/angel/kernel.s                   0x00000000   Number         0  rtexit2.o ABSOLUTE
    ../clib/angel/kernel.s                   0x00000000   Number         0  __rtentry4.o ABSOLUTE
    ../clib/angel/kernel.s                   0x00000000   Number         0  rtexit.o ABSOLUTE
    ../clib/angel/kernel.s                   0x00000000   Number         0  __rtentry2.o ABSOLUTE
    ../clib/angel/rt.s                       0x00000000   Number         0  rt_heap_descriptor_intlibspace.o ABSOLUTE
    ../clib/angel/rt.s                       0x00000000   Number         0  rt_heap_descriptor.o ABSOLUTE
    ../clib/angel/rt.s                       0x00000000   Number         0  rt_raise.o ABSOLUTE
    ../clib/angel/rt.s                       0x00000000   Number         0  rt_locale.o ABSOLUTE
    ../clib/angel/rt.s                       0x00000000   Number         0  rt_errno_addr_intlibspace.o ABSOLUTE
    ../clib/angel/rt.s                       0x00000000   Number         0  rt_errno_addr.o ABSOLUTE
    ../clib/angel/rt.s                       0x00000000   Number         0  rt_locale_intlibspace.o ABSOLUTE
    ../clib/angel/scatter.s                  0x00000000   Number         0  __scatter.o ABSOLUTE
    ../clib/angel/startup.s                  0x00000000   Number         0  __main.o ABSOLUTE
    ../clib/angel/sys.s                      0x00000000   Number         0  mutex_dummy.o ABSOLUTE
    ../clib/angel/sys.s                      0x00000000   Number         0  sys_stackheap_outer.o ABSOLUTE
    ../clib/angel/sys.s                      0x00000000   Number         0  indicate_semi.o ABSOLUTE
    ../clib/angel/sys.s                      0x00000000   Number         0  use_no_semi.o ABSOLUTE
    ../clib/angel/sys.s                      0x00000000   Number         0  libspace.o ABSOLUTE
    ../clib/angel/sysapp.c                   0x00000000   Number         0  sys_wrch.o ABSOLUTE
    ../clib/angel/sysapp.c                   0x00000000   Number         0  sys_exit.o ABSOLUTE
    ../clib/angel/sysapp.c                   0x00000000   Number         0  sys_command.o ABSOLUTE
    ../clib/armsys.c                         0x00000000   Number         0  argv_veneer.o ABSOLUTE
    ../clib/armsys.c                         0x00000000   Number         0  _get_argv_nomalloc.o ABSOLUTE
    ../clib/armsys.c                         0x00000000   Number         0  no_argv.o ABSOLUTE
    ../clib/armsys.c                         0x00000000   Number         0  _get_argv.o ABSOLUTE
    ../clib/armsys.c                         0x00000000   Number         0  argv_veneer.o ABSOLUTE
    ../clib/assert.c                         0x00000000   Number         0  assert_stdio.o ABSOLUTE
    ../clib/bigflt.c                         0x00000000   Number         0  bigflt0.o ABSOLUTE
    ../clib/btod.s                           0x00000000   Number         0  btod.o ABSOLUTE
    ../clib/fenv.c                           0x00000000   Number         0  _rserrno.o ABSOLUTE
    ../clib/heap1.c                          0x00000000   Number         0  h1_extend_mt.o ABSOLUTE
    ../clib/heap1.c                          0x00000000   Number         0  h1_free.o ABSOLUTE
    ../clib/heap1.c                          0x00000000   Number         0  h1_final_mt.o ABSOLUTE
    ../clib/heap1.c                          0x00000000   Number         0  h1_final.o ABSOLUTE
    ../clib/heap1.c                          0x00000000   Number         0  h1_alloc.o ABSOLUTE
    ../clib/heap1.c                          0x00000000   Number         0  h1_init.o ABSOLUTE
    ../clib/heap1.c                          0x00000000   Number         0  h1_alloc_mt.o ABSOLUTE
    ../clib/heap1.c                          0x00000000   Number         0  h1_free_mt.o ABSOLUTE
    ../clib/heap1.c                          0x00000000   Number         0  h1_extend.o ABSOLUTE
    ../clib/heap1.c                          0x00000000   Number         0  h1_init_mt.o ABSOLUTE
    ../clib/heap2.c                          0x00000000   Number         0  heap2mt.o ABSOLUTE
    ../clib/heap2.c                          0x00000000   Number         0  heap2.o ABSOLUTE
    ../clib/heap2.c                          0x00000000   Number         0  fdtree.o ABSOLUTE
    ../clib/heapalloc.c                      0x00000000   Number         0  free.o ABSOLUTE
    ../clib/heapalloc.c                      0x00000000   Number         0  hguard.o ABSOLUTE
    ../clib/heapalloc.c                      0x00000000   Number         0  hrguard.o ABSOLUTE
    ../clib/heapalloc.c                      0x00000000   Number         0  term_alloc.o ABSOLUTE
    ../clib/heapalloc.c                      0x00000000   Number         0  malloc.o ABSOLUTE
    ../clib/heapalloc.c                      0x00000000   Number         0  maybetermalloc2.o ABSOLUTE
    ../clib/heapalloc.c                      0x00000000   Number         0  maybetermalloc2.o ABSOLUTE
    ../clib/heapalloc.c                      0x00000000   Number         0  maybetermalloc1.o ABSOLUTE
    ../clib/heapalloc.c                      0x00000000   Number         0  maybetermalloc1.o ABSOLUTE
    ../clib/heapalloc.c                      0x00000000   Number         0  heapstubs.o ABSOLUTE
    ../clib/heapalloc.c                      0x00000000   Number         0  init_alloc.o ABSOLUTE
    ../clib/heapaux.c                        0x00000000   Number         0  heapauxa.o ABSOLUTE
    ../clib/heapaux.c                        0x00000000   Number         0  heapauxi.o ABSOLUTE
    ../clib/libinit.s                        0x00000000   Number         0  libinit.o ABSOLUTE
    ../clib/libinit.s                        0x00000000   Number         0  libshutdown2.o ABSOLUTE
    ../clib/libinit.s                        0x00000000   Number         0  libshutdown.o ABSOLUTE
    ../clib/libinit.s                        0x00000000   Number         0  libinit2.o ABSOLUTE
    ../clib/locale.s                         0x00000000   Number         0  lc_numeric_c.o ABSOLUTE
    ../clib/longlong.s                       0x00000000   Number         0  lludiv10.o ABSOLUTE
    ../clib/memcpset.s                       0x00000000   Number         0  rt_memcpy_v6.o ABSOLUTE
    ../clib/memcpset.s                       0x00000000   Number         0  rt_memcpy_w.o ABSOLUTE
    ../clib/memcpset.s                       0x00000000   Number         0  strcmpv7m.o ABSOLUTE
    ../clib/memcpset.s                       0x00000000   Number         0  rt_memclr_w.o ABSOLUTE
    ../clib/printf.c                         0x00000000   Number         0  _printf_fp_dec.o ABSOLUTE
    ../clib/printf.c                         0x00000000   Number         0  __printf_nopercent.o ABSOLUTE
    ../clib/printf.c                         0x00000000   Number         0  __printf_flags_ss_wp.o ABSOLUTE
    ../clib/printf.c                         0x00000000   Number         0  __printf_ss_wp.o ABSOLUTE
    ../clib/printf.c                         0x00000000   Number         0  __printf_flags_wp.o ABSOLUTE
    ../clib/printf.c                         0x00000000   Number         0  __printf_wp.o ABSOLUTE
    ../clib/printf.c                         0x00000000   Number         0  __printf_flags_ss.o ABSOLUTE
    ../clib/printf.c                         0x00000000   Number         0  __printf_ss.o ABSOLUTE
    ../clib/printf.c                         0x00000000   Number         0  __printf_flags.o ABSOLUTE
    ../clib/printf.c                         0x00000000   Number         0  __printf.o ABSOLUTE
    ../clib/printf.c                         0x00000000   Number         0  noretval__2printf.o ABSOLUTE
    ../clib/printf.c                         0x00000000   Number         0  _printf_char_file.o ABSOLUTE
    ../clib/printf.c                         0x00000000   Number         0  _printf_char_common.o ABSOLUTE
    ../clib/printf.c                         0x00000000   Number         0  _printf_fp_infnan.o ABSOLUTE
    ../clib/printf.c                         0x00000000   Number         0  __2printf.o ABSOLUTE
    ../clib/printf.c                         0x00000000   Number         0  _printf_char_file_locked.o ABSOLUTE
    ../clib/printf_percent.s                 0x00000000   Number         0  _printf_percent.o ABSOLUTE
    ../clib/printf_percent.s                 0x00000000   Number         0  _printf_f.o ABSOLUTE
    ../clib/printf_percent.s                 0x00000000   Number         0  _printf_percent_end.o ABSOLUTE
    ../clib/signal.c                         0x00000000   Number         0  defsig_rtmem_formal.o ABSOLUTE
    ../clib/signal.c                         0x00000000   Number         0  defsig_rtmem_inner.o ABSOLUTE
    ../clib/signal.c                         0x00000000   Number         0  defsig_rtmem_outer.o ABSOLUTE
    ../clib/signal.c                         0x00000000   Number         0  defsig_abrt_inner.o ABSOLUTE
    ../clib/signal.c                         0x00000000   Number         0  defsig_rtred_inner.o ABSOLUTE
    ../clib/signal.c                         0x00000000   Number         0  defsig_general.o ABSOLUTE
    ../clib/signal.c                         0x00000000   Number         0  defsig_fpe_inner.o ABSOLUTE
    ../clib/signal.c                         0x00000000   Number         0  defsig_stak_inner.o ABSOLUTE
    ../clib/signal.c                         0x00000000   Number         0  defsig_rtred_formal.o ABSOLUTE
    ../clib/signal.c                         0x00000000   Number         0  defsig_other.o ABSOLUTE
    ../clib/signal.c                         0x00000000   Number         0  __raise.o ABSOLUTE
    ../clib/signal.c                         0x00000000   Number         0  defsig_exit.o ABSOLUTE
    ../clib/signal.c                         0x00000000   Number         0  defsig_pvfn_inner.o ABSOLUTE
    ../clib/signal.c                         0x00000000   Number         0  defsig_cppl_inner.o ABSOLUTE
    ../clib/signal.c                         0x00000000   Number         0  defsig_segv_inner.o ABSOLUTE
    ../clib/signal.c                         0x00000000   Number         0  defsig_rtred_outer.o ABSOLUTE
    ../clib/signal.s                         0x00000000   Number         0  defsig.o ABSOLUTE
    ../clib/stdio.c                          0x00000000   Number         0  fflush.o ABSOLUTE
    ../clib/stdio.c                          0x00000000   Number         0  ftell.o ABSOLUTE
    ../clib/stdio.c                          0x00000000   Number         0  stdio_streams.o ABSOLUTE
    ../clib/stdio.c                          0x00000000   Number         0  fwritefast_locked.o ABSOLUTE
    ../clib/stdio.c                          0x00000000   Number         0  ferror.o ABSOLUTE
    ../clib/stdio.c                          0x00000000   Number         0  fputc.o ABSOLUTE
    ../clib/stdio.c                          0x00000000   Number         0  initio.o ABSOLUTE
    ../clib/stdio.c                          0x00000000   Number         0  setvbuf_locked.o ABSOLUTE
    ../clib/stdio.c                          0x00000000   Number         0  fputc_locked.o ABSOLUTE
    ../clib/stdio.c                          0x00000000   Number         0  ferror_locked.o ABSOLUTE
    ../clib/stdio.c                          0x00000000   Number         0  initio_locked.o ABSOLUTE
    ../clib/stdio.c                          0x00000000   Number         0  fwritefast.o ABSOLUTE
    ../clib/stdio.c                          0x00000000   Number         0  fclose.o ABSOLUTE
    ../clib/stdio.c                          0x00000000   Number         0  fopen.o ABSOLUTE
    ../clib/stdio.c                          0x00000000   Number         0  streamlock.o ABSOLUTE
    ../clib/stdio.c                          0x00000000   Number         0  setvbuf.o ABSOLUTE
    ../clib/stdio.c                          0x00000000   Number         0  flsbuf.o ABSOLUTE
    ../clib/stdio.c                          0x00000000   Number         0  stdio.o ABSOLUTE
    ../clib/stdio.c                          0x00000000   Number         0  fseek.o ABSOLUTE
    ../clib/stdio.c                          0x00000000   Number         0  fflush_locked.o ABSOLUTE
    ../clib/stdio.c                          0x00000000   Number         0  fputs_locked.o ABSOLUTE
    ../clib/stdio.c                          0x00000000   Number         0  fputs.o ABSOLUTE
    ../clib/stdio.c                          0x00000000   Number         0  fopen_locked.o ABSOLUTE
    ../clib/stdlib.c                         0x00000000   Number         0  exit.o ABSOLUTE
    ../clib/wchar.c                          0x00000000   Number         0  flsbuf_fwide.o ABSOLUTE
    ../fplib/d2f.s                           0x00000000   Number         0  d2f.o ABSOLUTE
    ../fplib/dcmpi.s                         0x00000000   Number         0  dcmpi.o ABSOLUTE
    ../fplib/dleqf.s                         0x00000000   Number         0  dleqf.o ABSOLUTE
    ../fplib/dnaninf.s                       0x00000000   Number         0  dnaninf.o ABSOLUTE
    ../fplib/dretinf.s                       0x00000000   Number         0  dretinf.o ABSOLUTE
    ../fplib/dsqrt.s                         0x00000000   Number         0  dsqrt_umaal.o ABSOLUTE
    ../fplib/f2d.s                           0x00000000   Number         0  f2d.o ABSOLUTE
    ../fplib/fnaninf.s                       0x00000000   Number         0  fnaninf.o ABSOLUTE
    ../fplib/fpinit.s                        0x00000000   Number         0  fpinit.o ABSOLUTE
    ../fplib/fretinf.s                       0x00000000   Number         0  fretinf.o ABSOLUTE
    ../fplib/istatus.s                       0x00000000   Number         0  istatus.o ABSOLUTE
    ../fplib/printf1.s                       0x00000000   Number         0  printf1.o ABSOLUTE
    ../fplib/usenofp.s                       0x00000000   Number         0  usenofp.o ABSOLUTE
    ../mathlib/fpclassify.c                  0x00000000   Number         0  fpclassify.o ABSOLUTE
    ../mathlib/sqrt.c                        0x00000000   Number         0  sqrt_x.o ABSOLUTE
    ../mathlib/sqrt.c                        0x00000000   Number         0  sqrt.o ABSOLUTE
    ../mathlib/sqrtf.c                       0x00000000   Number         0  sqrtf.o ABSOLUTE
    ../mathlib/sqrtf.c                       0x00000000   Number         0  sqrtf_x.o ABSOLUTE
    C:\Keil_v5\ARM\PACK\Keil\ARM_Compiler\1.6.1\Source\retarget_io.c 0x00000000   Number         0  retarget_io.o ABSOLUTE
    RTE\Device\ARMCM4_FP\startup_ARMCM4.s    0x00000000   Number         0  startup_armcm4.o ABSOLUTE
    RTE\Device\ARMCM4_FP\system_ARMCM4.c     0x00000000   Number         0  system_armcm4.o ABSOLUTE
    RTE\\Device\\ARMCM4_FP\\system_ARMCM4.c  0x00000000   Number         0  system_armcm4.o ABSOLUTE
    arm_mult_f32.c                           0x00000000   Number         0  arm_mult_f32.o ABSOLUTE
    arm_std_f32.c                            0x00000000   Number         0  arm_std_f32.o ABSOLUTE
    asm\asm_max.s                            0x00000000   Number         0  asm_max.o ABSOLUTE
    asm\asm_multiplication.s                 0x00000000   Number         0  asm_multiplication.o ABSOLUTE
    asm\asm_std_dev.s                        0x00000000   Number         0  asm_std_dev.o ABSOLUTE
    dc.s                                     0x00000000   Number         0  dc.o ABSOLUTE
    src\\main.c                              0x00000000   Number         0  main.o ABSOLUTE
    src\\multiplication.c                    0x00000000   Number         0  multiplication.o ABSOLUTE
    src\main.c                               0x00000000   Number         0  main.o ABSOLUTE
    src\multiplication.c                     0x00000000   Number         0  multiplication.o ABSOLUTE
    src\std_dev.c                            0x00000000   Number         0  std_dev.o ABSOLUTE
    !!!main                                  0x000000c0   Section        8  __main.o(!!!main)
    !!!scatter                               0x000000c8   Section       52  __scatter.o(!!!scatter)
    !!dclz77c                                0x000000fc   Section      100  __dclz77c.o(!!dclz77c)
    !!handler_zi                             0x00000160   Section       28  __scatter_zi.o(!!handler_zi)
    .ARM.Collect$$_printf_percent$$00000000  0x0000017c   Section        0  _printf_percent.o(.ARM.Collect$$_printf_percent$$00000000)
    .ARM.Collect$$_printf_percent$$00000003  0x0000017c   Section        6  _printf_f.o(.ARM.Collect$$_printf_percent$$00000003)
    .ARM.Collect$$_printf_percent$$00000017  0x00000182   Section        4  _printf_percent_end.o(.ARM.Collect$$_printf_percent$$00000017)
    .ARM.Collect$$libinit$$00000000          0x00000186   Section        2  libinit.o(.ARM.Collect$$libinit$$00000000)
    .ARM.Collect$$libinit$$00000001          0x00000188   Section        4  libinit2.o(.ARM.Collect$$libinit$$00000001)
    .ARM.Collect$$libinit$$00000004          0x0000018c   Section        0  libinit2.o(.ARM.Collect$$libinit$$00000004)
    .ARM.Collect$$libinit$$00000005          0x0000018c   Section        8  libinit2.o(.ARM.Collect$$libinit$$00000005)
    .ARM.Collect$$libinit$$0000000A          0x00000194   Section        0  libinit2.o(.ARM.Collect$$libinit$$0000000A)
    .ARM.Collect$$libinit$$0000000C          0x00000194   Section        0  libinit2.o(.ARM.Collect$$libinit$$0000000C)
    .ARM.Collect$$libinit$$0000000E          0x00000194   Section        0  libinit2.o(.ARM.Collect$$libinit$$0000000E)
    .ARM.Collect$$libinit$$0000000F          0x00000194   Section        6  libinit2.o(.ARM.Collect$$libinit$$0000000F)
    .ARM.Collect$$libinit$$00000011          0x0000019a   Section        0  libinit2.o(.ARM.Collect$$libinit$$00000011)
    .ARM.Collect$$libinit$$00000013          0x0000019a   Section        0  libinit2.o(.ARM.Collect$$libinit$$00000013)
    .ARM.Collect$$libinit$$00000015          0x0000019a   Section        0  libinit2.o(.ARM.Collect$$libinit$$00000015)
    .ARM.Collect$$libinit$$00000016          0x0000019a   Section       10  libinit2.o(.ARM.Collect$$libinit$$00000016)
    .ARM.Collect$$libinit$$00000017          0x000001a4   Section        0  libinit2.o(.ARM.Collect$$libinit$$00000017)
    .ARM.Collect$$libinit$$00000019          0x000001a4   Section        0  libinit2.o(.ARM.Collect$$libinit$$00000019)
    .ARM.Collect$$libinit$$0000001B          0x000001a4   Section        0  libinit2.o(.ARM.Collect$$libinit$$0000001B)
    .ARM.Collect$$libinit$$0000001D          0x000001a4   Section        0  libinit2.o(.ARM.Collect$$libinit$$0000001D)
    .ARM.Collect$$libinit$$0000001F          0x000001a4   Section        0  libinit2.o(.ARM.Collect$$libinit$$0000001F)
    .ARM.Collect$$libinit$$00000021          0x000001a4   Section        0  libinit2.o(.ARM.Collect$$libinit$$00000021)
    .ARM.Collect$$libinit$$00000023          0x000001a4   Section        0  libinit2.o(.ARM.Collect$$libinit$$00000023)
    .ARM.Collect$$libinit$$00000024          0x000001a4   Section        4  libinit2.o(.ARM.Collect$$libinit$$00000024)
    .ARM.Collect$$libinit$$00000025          0x000001a8   Section        0  libinit2.o(.ARM.Collect$$libinit$$00000025)
    .ARM.Collect$$libinit$$0000002C          0x000001a8   Section        0  libinit2.o(.ARM.Collect$$libinit$$0000002C)
    .ARM.Collect$$libinit$$0000002E          0x000001a8   Section        0  libinit2.o(.ARM.Collect$$libinit$$0000002E)
    .ARM.Collect$$libinit$$00000030          0x000001a8   Section        0  libinit2.o(.ARM.Collect$$libinit$$00000030)
    .ARM.Collect$$libinit$$00000032          0x000001a8   Section        0  libinit2.o(.ARM.Collect$$libinit$$00000032)
    .ARM.Collect$$libinit$$00000033          0x000001a8   Section        2  libinit2.o(.ARM.Collect$$libinit$$00000033)
    .ARM.Collect$$libshutdown$$00000000      0x000001aa   Section        2  libshutdown.o(.ARM.Collect$$libshutdown$$00000000)
    .ARM.Collect$$libshutdown$$00000002      0x000001ac   Section        0  libshutdown2.o(.ARM.Collect$$libshutdown$$00000002)
    .ARM.Collect$$libshutdown$$00000003      0x000001ac   Section        4  libshutdown2.o(.ARM.Collect$$libshutdown$$00000003)
    .ARM.Collect$$libshutdown$$00000004      0x000001b0   Section        0  libshutdown2.o(.ARM.Collect$$libshutdown$$00000004)
    .ARM.Collect$$libshutdown$$00000007      0x000001b0   Section        0  libshutdown2.o(.ARM.Collect$$libshutdown$$00000007)
    .ARM.Collect$$libshutdown$$0000000A      0x000001b0   Section        0  libshutdown2.o(.ARM.Collect$$libshutdown$$0000000A)
    .ARM.Collect$$libshutdown$$0000000C      0x000001b0   Section        0  libshutdown2.o(.ARM.Collect$$libshutdown$$0000000C)
    .ARM.Collect$$libshutdown$$0000000F      0x000001b0   Section        0  libshutdown2.o(.ARM.Collect$$libshutdown$$0000000F)
    .ARM.Collect$$libshutdown$$00000010      0x000001b0   Section        2  libshutdown2.o(.ARM.Collect$$libshutdown$$00000010)
    .ARM.Collect$$rtentry$$00000000          0x000001b2   Section        0  __rtentry.o(.ARM.Collect$$rtentry$$00000000)
    .ARM.Collect$$rtentry$$00000002          0x000001b2   Section        0  __rtentry2.o(.ARM.Collect$$rtentry$$00000002)
    .ARM.Collect$$rtentry$$00000004          0x000001b2   Section        6  __rtentry4.o(.ARM.Collect$$rtentry$$00000004)
    .ARM.Collect$$rtentry$$00000009          0x000001b8   Section        0  __rtentry2.o(.ARM.Collect$$rtentry$$00000009)
    .ARM.Collect$$rtentry$$0000000A          0x000001b8   Section        4  __rtentry2.o(.ARM.Collect$$rtentry$$0000000A)
    .ARM.Collect$$rtentry$$0000000C          0x000001bc   Section        0  __rtentry2.o(.ARM.Collect$$rtentry$$0000000C)
    .ARM.Collect$$rtentry$$0000000D          0x000001bc   Section        8  __rtentry2.o(.ARM.Collect$$rtentry$$0000000D)
    .ARM.Collect$$rtexit$$00000000           0x000001c4   Section        2  rtexit.o(.ARM.Collect$$rtexit$$00000000)
    .ARM.Collect$$rtexit$$00000002           0x000001c6   Section        0  rtexit2.o(.ARM.Collect$$rtexit$$00000002)
    .ARM.Collect$$rtexit$$00000003           0x000001c6   Section        4  rtexit2.o(.ARM.Collect$$rtexit$$00000003)
    .ARM.Collect$$rtexit$$00000004           0x000001ca   Section        6  rtexit2.o(.ARM.Collect$$rtexit$$00000004)
    .emb_text                                0x000001d0   Section        0  maybetermalloc1.o(.emb_text)
    .text                                    0x000001d0   Section       64  startup_armcm4.o(.text)
    $v0                                      0x000001d0   Number         0  startup_armcm4.o(.text)
    .text                                    0x00000210   Section        0  noretval__2printf.o(.text)
    .text                                    0x00000228   Section        0  __printf.o(.text)
    .text                                    0x00000290   Section      128  strcmpv7m.o(.text)
    .text                                    0x00000310   Section        0  heapauxi.o(.text)
    .text                                    0x00000316   Section        0  _printf_fp_dec.o(.text)
    _fp_digits                               0x00000319   Thumb Code   432  _printf_fp_dec.o(.text)
    .text                                    0x00000734   Section        0  _printf_char_file.o(.text)
    .text                                    0x00000758   Section        8  rt_locale_intlibspace.o(.text)
    .text                                    0x00000760   Section        8  rt_errno_addr_intlibspace.o(.text)
    .text                                    0x00000768   Section      138  lludiv10.o(.text)
    .text                                    0x000007f4   Section        0  _printf_char_common.o(.text)
    _printf_input_char                       0x000007f5   Thumb Code    10  _printf_char_common.o(.text)
    .text                                    0x00000824   Section        0  _printf_fp_infnan.o(.text)
    .text                                    0x000008a4   Section        0  bigflt0.o(.text)
    .text                                    0x00000988   Section        0  ferror.o(.text)
    .text                                    0x00000990   Section        0  initio.o(.text)
    .text                                    0x00000ac8   Section        8  libspace.o(.text)
    .text                                    0x00000ad0   Section       74  sys_stackheap_outer.o(.text)
    .text                                    0x00000b1a   Section        0  h1_free.o(.text)
    .text                                    0x00000b68   Section        0  flsbuf.o(.text)
    .text                                    0x00000d3e   Section        0  setvbuf.o(.text)
    .text                                    0x00000d84   Section        0  fopen.o(.text)
    _freopen_locked                          0x00000d85   Thumb Code     0  fopen.o(.text)
    .text                                    0x00000e70   Section        0  fclose.o(.text)
    .text                                    0x00000ebc   Section        0  exit.o(.text)
    .text                                    0x00000ece   Section        0  defsig_rtred_outer.o(.text)
    .text                                    0x00000edc   Section       78  rt_memclr_w.o(.text)
    .text                                    0x00000f2c   Section        8  rt_heap_descriptor_intlibspace.o(.text)
    .text                                    0x00000f34   Section        0  hguard.o(.text)
    .text                                    0x00000f38   Section        0  init_alloc.o(.text)
    .text                                    0x00000fc2   Section        0  h1_alloc.o(.text)
    .text                                    0x00001020   Section        0  fseek.o(.text)
    .text                                    0x00001118   Section        0  stdio.o(.text)
    .text                                    0x00001208   Section        0  defsig_exit.o(.text)
    .text                                    0x00001214   Section        0  defsig_rtred_inner.o(.text)
    .text                                    0x00001248   Section        0  sys_exit.o(.text)
    .text                                    0x00001254   Section        0  h1_init.o(.text)
    .text                                    0x00001262   Section        0  h1_extend.o(.text)
    .text                                    0x00001296   Section        0  ftell.o(.text)
    .text                                    0x000012d8   Section        0  defsig_general.o(.text)
    .text                                    0x0000130a   Section        0  defsig_rtmem_outer.o(.text)
    .text                                    0x00001318   Section        0  sys_wrch.o(.text)
    .text                                    0x00001326   Section        2  use_no_semi.o(.text)
    .text                                    0x00001328   Section        0  defsig_rtmem_inner.o(.text)
    .text                                    0x00001328   Section        0  indicate_semi.o(.text)
    [Anonymous Symbol]                       0x00001378   Section        0  arm_mult_f32.o(.text.arm_mult_f32)
    CL$$btod_d2e                             0x0000140a   Section       62  btod.o(CL$$btod_d2e)
    CL$$btod_d2e_denorm_low                  0x00001448   Section       70  btod.o(CL$$btod_d2e_denorm_low)
    CL$$btod_d2e_norm_op1                    0x0000148e   Section       96  btod.o(CL$$btod_d2e_norm_op1)
    CL$$btod_div_common                      0x000014ee   Section      824  btod.o(CL$$btod_div_common)
    CL$$btod_e2e                             0x00001826   Section      220  btod.o(CL$$btod_e2e)
    CL$$btod_ediv                            0x00001902   Section       42  btod.o(CL$$btod_ediv)
    CL$$btod_emul                            0x0000192c   Section       42  btod.o(CL$$btod_emul)
    CL$$btod_mult_common                     0x00001956   Section      580  btod.o(CL$$btod_mult_common)
    i.ITM_SendChar                           0x00001b9c   Section        0  retarget_io.o(i.ITM_SendChar)
    i.SystemInit                             0x00001bcc   Section        0  system_armcm4.o(i.SystemInit)
    i.__ARM_fpclassify                       0x00001bfc   Section        0  fpclassify.o(i.__ARM_fpclassify)
    i._sys_close                             0x00001c2c   Section        0  retarget_io.o(i._sys_close)
    i._sys_flen                              0x00001c52   Section        0  retarget_io.o(i._sys_flen)
    i._sys_istty                             0x00001c76   Section        0  retarget_io.o(i._sys_istty)
    i._sys_open                              0x00001c9c   Section        0  retarget_io.o(i._sys_open)
    i._sys_seek                              0x00001d04   Section        0  retarget_io.o(i._sys_seek)
    i._sys_write                             0x00001d30   Section        0  retarget_io.o(i._sys_write)
    i.fputc                                  0x00001d76   Section        0  fputc.o(i.fputc)
    i.main                                   0x00001d90   Section        0  main.o(i.main)
    i.multiplication                         0x00001dac   Section        0  multiplication.o(i.multiplication)
    i.stdout_putchar                         0x00001ecc   Section        0  retarget_io.o(i.stdout_putchar)
    stdout_putchar                           0x00001ecd   Thumb Code    12  retarget_io.o(i.stdout_putchar)
    locale$$code                             0x00001ed8   Section       44  lc_numeric_c.o(locale$$code)
    test                                     0x00001f04   Section       42  asm_multiplication.o(test)
    $v0                                      0x00001f04   Number         0  asm_multiplication.o(test)
    x$fpl$dretinf                            0x00001f2e   Section       12  dretinf.o(x$fpl$dretinf)
    $v0                                      0x00001f2e   Number         0  dretinf.o(x$fpl$dretinf)
    x$fpl$f2d                                0x00001f3c   Section       86  f2d.o(x$fpl$f2d)
    $v0                                      0x00001f3c   Number         0  f2d.o(x$fpl$f2d)
    x$fpl$fnaninf                            0x00001f92   Section      140  fnaninf.o(x$fpl$fnaninf)
    $v0                                      0x00001f92   Number         0  fnaninf.o(x$fpl$fnaninf)
    x$fpl$fpinit                             0x0000201e   Section       10  fpinit.o(x$fpl$fpinit)
    $v0                                      0x0000201e   Number         0  fpinit.o(x$fpl$fpinit)
    x$fpl$printf1                            0x00002028   Section        4  printf1.o(x$fpl$printf1)
    $v0                                      0x00002028   Number         0  printf1.o(x$fpl$printf1)
    .constdata                               0x0000202c   Section       23  retarget_io.o(.constdata)
    x$fpl$usenofp                            0x0000202c   Section        0  usenofp.o(x$fpl$usenofp)
    .constdata                               0x00002044   Section      148  bigflt0.o(.constdata)
    tenpwrs_x                                0x00002044   Data          60  bigflt0.o(.constdata)
    tenpwrs_i                                0x00002080   Data          64  bigflt0.o(.constdata)
    locale$$data                             0x000020f8   Section       28  lc_numeric_c.o(locale$$data)
    __lcnum_c_name                           0x000020fc   Data           2  lc_numeric_c.o(locale$$data)
    __lcnum_c_start                          0x00002104   Data           0  lc_numeric_c.o(locale$$data)
    __lcnum_c_point                          0x00002110   Data           0  lc_numeric_c.o(locale$$data)
    __lcnum_c_thousands                      0x00002112   Data           0  lc_numeric_c.o(locale$$data)
    __lcnum_c_grouping                       0x00002113   Data           0  lc_numeric_c.o(locale$$data)
    __lcnum_c_end                            0x00002114   Data           0  lc_numeric_c.o(locale$$data)
    .data                                    0x20000000   Section     8040  main.o(.data)
    .data                                    0x20001f68   Section        4  system_armcm4.o(.data)
    .data                                    0x20001f6c   Section        4  stdio_streams.o(.data)
    .data                                    0x20001f70   Section        4  stdio_streams.o(.data)
    .data                                    0x20001f74   Section        4  stdio_streams.o(.data)
    .bss                                     0x20001f78   Section     8000  multiplication.o(.bss)
    .bss                                     0x20003eb8   Section       84  stdio_streams.o(.bss)
    .bss                                     0x20003f0c   Section       84  stdio_streams.o(.bss)
    .bss                                     0x20003f60   Section       84  stdio_streams.o(.bss)
    .bss                                     0x20003fb4   Section       96  libspace.o(.bss)
    HEAP                                     0x20004018   Section     3072  startup_armcm4.o(HEAP)
    Heap_Mem                                 0x20004018   Data        3072  startup_armcm4.o(HEAP)
    STACK                                    0x20004c18   Section     1024  startup_armcm4.o(STACK)
    Stack_Mem                                0x20004c18   Data        1024  startup_armcm4.o(STACK)
    __initial_sp                             0x20005018   Data           0  startup_armcm4.o(STACK)

    Global Symbols

    Symbol Name                              Value     Ov Type        Size  Object(Section)

    BuildAttributes$$THM_ISAv4$E$P$D$K$B$S$7EM$VFPi3$EXTD16$VFPS$VFMA$PE$A:L22UL41UL21$X:L11$S22US41US21$IEEE1$IW$USESV6$~STKCKD$USESV7$~SHL$OTIME$ROPI$IEEEJ$EBA8$UX$STANDARDLIB$REQ8$EABIv2 0x00000000   Number         0  anon$$obj.o ABSOLUTE
    __ARM_use_no_argv                        0x00000000   Number         0  main.o ABSOLUTE
    __Vectors                                0x00000000   Data           4  startup_armcm4.o(RESET)
    __ARM_exceptions_init                     - Undefined Weak Reference
    __alloca_initialize                       - Undefined Weak Reference
    __arm_preinit_                            - Undefined Weak Reference
    __cpp_initialize__aeabi_                  - Undefined Weak Reference
    __cxa_finalize                            - Undefined Weak Reference
    __sigvec_lookup                           - Undefined Weak Reference
    __user_heap_extent                        - Undefined Weak Reference
    _atexit_init                              - Undefined Weak Reference
    _call_atexit_fns                          - Undefined Weak Reference
    _clock_init                               - Undefined Weak Reference
    _fp_trap_init                             - Undefined Weak Reference
    _fp_trap_shutdown                         - Undefined Weak Reference
    _get_lc_collate                           - Undefined Weak Reference
    _get_lc_ctype                             - Undefined Weak Reference
    _get_lc_monetary                          - Undefined Weak Reference
    _get_lc_time                              - Undefined Weak Reference
    _getenv_init                              - Undefined Weak Reference
    _handle_redirection                       - Undefined Weak Reference
    _mutex_acquire                            - Undefined Weak Reference
    _mutex_free                               - Undefined Weak Reference
    _mutex_release                            - Undefined Weak Reference
    _printf_post_padding                      - Undefined Weak Reference
    _printf_pre_padding                       - Undefined Weak Reference
    _rand_init                                - Undefined Weak Reference
    _signal_finish                            - Undefined Weak Reference
    _signal_init                              - Undefined Weak Reference
    __Vectors_End                            0x000000c0   Data           0  startup_armcm4.o(RESET)
    __Vectors_Size                           0x000000c0   Number         0  startup_armcm4.o ABSOLUTE
    __main                                   0x000000c1   Thumb Code     8  __main.o(!!!main)
    __scatterload                            0x000000c9   Thumb Code     0  __scatter.o(!!!scatter)
    __scatterload_rt2                        0x000000c9   Thumb Code    44  __scatter.o(!!!scatter)
    __scatterload_rt2_thumb_only             0x000000c9   Thumb Code     0  __scatter.o(!!!scatter)
    __scatterload_null                       0x000000d7   Thumb Code     0  __scatter.o(!!!scatter)
    __decompress                             0x000000fd   Thumb Code   100  __dclz77c.o(!!dclz77c)
    __decompress2                            0x000000fd   Thumb Code     0  __dclz77c.o(!!dclz77c)
    __scatterload_zeroinit                   0x00000161   Thumb Code    28  __scatter_zi.o(!!handler_zi)
    _printf_f                                0x0000017d   Thumb Code     0  _printf_f.o(.ARM.Collect$$_printf_percent$$00000003)
    _printf_percent                          0x0000017d   Thumb Code     0  _printf_percent.o(.ARM.Collect$$_printf_percent$$00000000)
    _printf_percent_end                      0x00000183   Thumb Code     0  _printf_percent_end.o(.ARM.Collect$$_printf_percent$$00000017)
    __rt_lib_init                            0x00000187   Thumb Code     0  libinit.o(.ARM.Collect$$libinit$$00000000)
    __rt_lib_init_fp_1                       0x00000189   Thumb Code     0  libinit2.o(.ARM.Collect$$libinit$$00000001)
    __rt_lib_init_heap_2                     0x0000018d   Thumb Code     0  libinit2.o(.ARM.Collect$$libinit$$00000005)
    __rt_lib_init_preinit_1                  0x0000018d   Thumb Code     0  libinit2.o(.ARM.Collect$$libinit$$00000004)
    __rt_lib_init_heap_1                     0x00000195   Thumb Code     0  libinit2.o(.ARM.Collect$$libinit$$0000000A)
    __rt_lib_init_lc_common                  0x00000195   Thumb Code     0  libinit2.o(.ARM.Collect$$libinit$$0000000F)
    __rt_lib_init_rand_1                     0x00000195   Thumb Code     0  libinit2.o(.ARM.Collect$$libinit$$0000000E)
    __rt_lib_init_user_alloc_1               0x00000195   Thumb Code     0  libinit2.o(.ARM.Collect$$libinit$$0000000C)
    __rt_lib_init_lc_collate_1               0x0000019b   Thumb Code     0  libinit2.o(.ARM.Collect$$libinit$$00000011)
    __rt_lib_init_lc_ctype_1                 0x0000019b   Thumb Code     0  libinit2.o(.ARM.Collect$$libinit$$00000013)
    __rt_lib_init_lc_monetary_1              0x0000019b   Thumb Code     0  libinit2.o(.ARM.Collect$$libinit$$00000015)
    __rt_lib_init_lc_numeric_2               0x0000019b   Thumb Code     0  libinit2.o(.ARM.Collect$$libinit$$00000016)
    __rt_lib_init_atexit_1                   0x000001a5   Thumb Code     0  libinit2.o(.ARM.Collect$$libinit$$0000001B)
    __rt_lib_init_clock_1                    0x000001a5   Thumb Code     0  libinit2.o(.ARM.Collect$$libinit$$00000021)
    __rt_lib_init_fp_trap_1                  0x000001a5   Thumb Code     0  libinit2.o(.ARM.Collect$$libinit$$0000001F)
    __rt_lib_init_getenv_1                   0x000001a5   Thumb Code     0  libinit2.o(.ARM.Collect$$libinit$$00000023)
    __rt_lib_init_lc_numeric_1               0x000001a5   Thumb Code     0  libinit2.o(.ARM.Collect$$libinit$$00000017)
    __rt_lib_init_lc_time_1                  0x000001a5   Thumb Code     0  libinit2.o(.ARM.Collect$$libinit$$00000019)
    __rt_lib_init_signal_1                   0x000001a5   Thumb Code     0  libinit2.o(.ARM.Collect$$libinit$$0000001D)
    __rt_lib_init_stdio_2                    0x000001a5   Thumb Code     0  libinit2.o(.ARM.Collect$$libinit$$00000024)
    __rt_lib_init_alloca_1                   0x000001a9   Thumb Code     0  libinit2.o(.ARM.Collect$$libinit$$0000002E)
    __rt_lib_init_argv_1                     0x000001a9   Thumb Code     0  libinit2.o(.ARM.Collect$$libinit$$0000002C)
    __rt_lib_init_cpp_1                      0x000001a9   Thumb Code     0  libinit2.o(.ARM.Collect$$libinit$$00000032)
    __rt_lib_init_exceptions_1               0x000001a9   Thumb Code     0  libinit2.o(.ARM.Collect$$libinit$$00000030)
    __rt_lib_init_return                     0x000001a9   Thumb Code     0  libinit2.o(.ARM.Collect$$libinit$$00000033)
    __rt_lib_init_stdio_1                    0x000001a9   Thumb Code     0  libinit2.o(.ARM.Collect$$libinit$$00000025)
    __rt_lib_shutdown                        0x000001ab   Thumb Code     0  libshutdown.o(.ARM.Collect$$libshutdown$$00000000)
    __rt_lib_shutdown_cpp_1                  0x000001ad   Thumb Code     0  libshutdown2.o(.ARM.Collect$$libshutdown$$00000002)
    __rt_lib_shutdown_stdio_2                0x000001ad   Thumb Code     0  libshutdown2.o(.ARM.Collect$$libshutdown$$00000003)
    __rt_lib_shutdown_fp_trap_1              0x000001b1   Thumb Code     0  libshutdown2.o(.ARM.Collect$$libshutdown$$00000007)
    __rt_lib_shutdown_heap_1                 0x000001b1   Thumb Code     0  libshutdown2.o(.ARM.Collect$$libshutdown$$0000000F)
    __rt_lib_shutdown_return                 0x000001b1   Thumb Code     0  libshutdown2.o(.ARM.Collect$$libshutdown$$00000010)
    __rt_lib_shutdown_signal_1               0x000001b1   Thumb Code     0  libshutdown2.o(.ARM.Collect$$libshutdown$$0000000A)
    __rt_lib_shutdown_stdio_1                0x000001b1   Thumb Code     0  libshutdown2.o(.ARM.Collect$$libshutdown$$00000004)
    __rt_lib_shutdown_user_alloc_1           0x000001b1   Thumb Code     0  libshutdown2.o(.ARM.Collect$$libshutdown$$0000000C)
    __rt_entry                               0x000001b3   Thumb Code     0  __rtentry.o(.ARM.Collect$$rtentry$$00000000)
    __rt_entry_presh_1                       0x000001b3   Thumb Code     0  __rtentry2.o(.ARM.Collect$$rtentry$$00000002)
    __rt_entry_sh                            0x000001b3   Thumb Code     0  __rtentry4.o(.ARM.Collect$$rtentry$$00000004)
    __rt_entry_li                            0x000001b9   Thumb Code     0  __rtentry2.o(.ARM.Collect$$rtentry$$0000000A)
    __rt_entry_postsh_1                      0x000001b9   Thumb Code     0  __rtentry2.o(.ARM.Collect$$rtentry$$00000009)
    __rt_entry_main                          0x000001bd   Thumb Code     0  __rtentry2.o(.ARM.Collect$$rtentry$$0000000D)
    __rt_entry_postli_1                      0x000001bd   Thumb Code     0  __rtentry2.o(.ARM.Collect$$rtentry$$0000000C)
    __rt_exit                                0x000001c5   Thumb Code     0  rtexit.o(.ARM.Collect$$rtexit$$00000000)
    __rt_exit_ls                             0x000001c7   Thumb Code     0  rtexit2.o(.ARM.Collect$$rtexit$$00000003)
    __rt_exit_prels_1                        0x000001c7   Thumb Code     0  rtexit2.o(.ARM.Collect$$rtexit$$00000002)
    __rt_exit_exit                           0x000001cb   Thumb Code     0  rtexit2.o(.ARM.Collect$$rtexit$$00000004)
    Reset_Handler                            0x000001d1   Thumb Code     8  startup_armcm4.o(.text)
    _maybe_terminate_alloc                   0x000001d1   Thumb Code     0  maybetermalloc1.o(.emb_text)
    NMI_Handler                              0x000001d9   Thumb Code     2  startup_armcm4.o(.text)
    HardFault_Handler                        0x000001db   Thumb Code     2  startup_armcm4.o(.text)
    MemManage_Handler                        0x000001dd   Thumb Code     2  startup_armcm4.o(.text)
    BusFault_Handler                         0x000001df   Thumb Code     2  startup_armcm4.o(.text)
    UsageFault_Handler                       0x000001e1   Thumb Code     2  startup_armcm4.o(.text)
    SVC_Handler                              0x000001e3   Thumb Code     2  startup_armcm4.o(.text)
    DebugMon_Handler                         0x000001e5   Thumb Code     2  startup_armcm4.o(.text)
    PendSV_Handler                           0x000001e7   Thumb Code     2  startup_armcm4.o(.text)
    SysTick_Handler                          0x000001e9   Thumb Code     2  startup_armcm4.o(.text)
    AACI_IRQHandler                          0x000001eb   Thumb Code     0  startup_armcm4.o(.text)
    CAN_IRQHandler                           0x000001eb   Thumb Code     0  startup_armcm4.o(.text)
    CHLCD_IRQHandler                         0x000001eb   Thumb Code     0  startup_armcm4.o(.text)
    CLCD_IRQHandler                          0x000001eb   Thumb Code     0  startup_armcm4.o(.text)
    CPU_CLCD_IRQHandler                      0x000001eb   Thumb Code     0  startup_armcm4.o(.text)
    ENET_IRQHandler                          0x000001eb   Thumb Code     0  startup_armcm4.o(.text)
    FLEXRAY_IRQHandler                       0x000001eb   Thumb Code     0  startup_armcm4.o(.text)
    I2C_IRQHandler                           0x000001eb   Thumb Code     0  startup_armcm4.o(.text)
    LIN_IRQHandler                           0x000001eb   Thumb Code     0  startup_armcm4.o(.text)
    MCIA_IRQHandler                          0x000001eb   Thumb Code     0  startup_armcm4.o(.text)
    MCIB_IRQHandler                          0x000001eb   Thumb Code     0  startup_armcm4.o(.text)
    RTC_IRQHandler                           0x000001eb   Thumb Code     0  startup_armcm4.o(.text)
    SPI_IRQHandler                           0x000001eb   Thumb Code     0  startup_armcm4.o(.text)
    TIM0_IRQHandler                          0x000001eb   Thumb Code     0  startup_armcm4.o(.text)
    TIM2_IRQHandler                          0x000001eb   Thumb Code     0  startup_armcm4.o(.text)
    UART0_IRQHandler                         0x000001eb   Thumb Code     0  startup_armcm4.o(.text)
    UART1_IRQHandler                         0x000001eb   Thumb Code     0  startup_armcm4.o(.text)
    UART2_IRQHandler                         0x000001eb   Thumb Code     0  startup_armcm4.o(.text)
    UART3_IRQHandler                         0x000001eb   Thumb Code     0  startup_armcm4.o(.text)
    UART4_IRQHandler                         0x000001eb   Thumb Code     0  startup_armcm4.o(.text)
    USBDC_IRQHandler                         0x000001eb   Thumb Code     0  startup_armcm4.o(.text)
    USBHC_IRQHandler                         0x000001eb   Thumb Code     0  startup_armcm4.o(.text)
    WDT_IRQHandler                           0x000001eb   Thumb Code     0  startup_armcm4.o(.text)
    __user_initial_stackheap                 0x000001ed   Thumb Code    10  startup_armcm4.o(.text)
    __2printf                                0x00000211   Thumb Code    20  noretval__2printf.o(.text)
    __printf                                 0x00000229   Thumb Code   104  __printf.o(.text)
    strcmp                                   0x00000291   Thumb Code   128  strcmpv7m.o(.text)
    __use_two_region_memory                  0x00000311   Thumb Code     2  heapauxi.o(.text)
    __rt_heap_escrow                         0x00000313   Thumb Code     2  heapauxi.o(.text)
    __rt_heap_expand                         0x00000315   Thumb Code     2  heapauxi.o(.text)
    __lib_sel_fp_printf                      0x00000317   Thumb Code     2  _printf_fp_dec.o(.text)
    _printf_fp_dec_real                      0x000004c9   Thumb Code   620  _printf_fp_dec.o(.text)
    _printf_char_file                        0x00000735   Thumb Code    32  _printf_char_file.o(.text)
    __rt_locale                              0x00000759   Thumb Code     8  rt_locale_intlibspace.o(.text)
    __aeabi_errno_addr                       0x00000761   Thumb Code     8  rt_errno_addr_intlibspace.o(.text)
    __errno$intlibspace                      0x00000761   Thumb Code     0  rt_errno_addr_intlibspace.o(.text)
    __rt_errno_addr$intlibspace              0x00000761   Thumb Code     0  rt_errno_addr_intlibspace.o(.text)
    _ll_udiv10                               0x00000769   Thumb Code   138  lludiv10.o(.text)
    _printf_char_common                      0x000007ff   Thumb Code    32  _printf_char_common.o(.text)
    _printf_fp_infnan                        0x00000825   Thumb Code   112  _printf_fp_infnan.o(.text)
    _btod_etento                             0x000008a5   Thumb Code   224  bigflt0.o(.text)
    ferror                                   0x00000989   Thumb Code     8  ferror.o(.text)
    _initio                                  0x00000991   Thumb Code   210  initio.o(.text)
    _terminateio                             0x00000a63   Thumb Code    56  initio.o(.text)
    __user_libspace                          0x00000ac9   Thumb Code     8  libspace.o(.text)
    __user_perproc_libspace                  0x00000ac9   Thumb Code     0  libspace.o(.text)
    __user_perthread_libspace                0x00000ac9   Thumb Code     0  libspace.o(.text)
    __user_setup_stackheap                   0x00000ad1   Thumb Code    74  sys_stackheap_outer.o(.text)
    free                                     0x00000b1b   Thumb Code    78  h1_free.o(.text)
    __flsbuf                                 0x00000b69   Thumb Code   470  flsbuf.o(.text)
    __flsbuf_byte                            0x00000b69   Thumb Code     0  flsbuf.o(.text)
    __flsbuf_wide                            0x00000b69   Thumb Code     0  flsbuf.o(.text)
    setvbuf                                  0x00000d3f   Thumb Code    70  setvbuf.o(.text)
    freopen                                  0x00000d85   Thumb Code   158  fopen.o(.text)
    fopen                                    0x00000e23   Thumb Code    74  fopen.o(.text)
    _fclose_internal                         0x00000e71   Thumb Code    76  fclose.o(.text)
    fclose                                   0x00000e71   Thumb Code     0  fclose.o(.text)
    exit                                     0x00000ebd   Thumb Code    18  exit.o(.text)
    __rt_SIGRTRED                            0x00000ecf   Thumb Code    14  defsig_rtred_outer.o(.text)
    __aeabi_memclr4                          0x00000edd   Thumb Code     0  rt_memclr_w.o(.text)
    __aeabi_memclr8                          0x00000edd   Thumb Code     0  rt_memclr_w.o(.text)
    __rt_memclr_w                            0x00000edd   Thumb Code    78  rt_memclr_w.o(.text)
    _memset_w                                0x00000ee1   Thumb Code     0  rt_memclr_w.o(.text)
    __rt_heap_descriptor                     0x00000f2d   Thumb Code     8  rt_heap_descriptor_intlibspace.o(.text)
    __use_no_heap                            0x00000f35   Thumb Code     2  hguard.o(.text)
    __heap$guard                             0x00000f37   Thumb Code     2  hguard.o(.text)
    _terminate_user_alloc                    0x00000f39   Thumb Code     2  init_alloc.o(.text)
    _init_user_alloc                         0x00000f3b   Thumb Code     2  init_alloc.o(.text)
    __Heap_Full                              0x00000f3d   Thumb Code    34  init_alloc.o(.text)
    __Heap_Broken                            0x00000f5f   Thumb Code     6  init_alloc.o(.text)
    _init_alloc                              0x00000f65   Thumb Code    94  init_alloc.o(.text)
    malloc                                   0x00000fc3   Thumb Code    94  h1_alloc.o(.text)
    _fseek                                   0x00001021   Thumb Code   242  fseek.o(.text)
    fseek                                    0x00001021   Thumb Code     0  fseek.o(.text)
    _seterr                                  0x00001119   Thumb Code    20  stdio.o(.text)
    _writebuf                                0x0000112d   Thumb Code    84  stdio.o(.text)
    _fflush                                  0x00001181   Thumb Code    70  stdio.o(.text)
    _deferredlazyseek                        0x000011c7   Thumb Code    60  stdio.o(.text)
    __sig_exit                               0x00001209   Thumb Code    10  defsig_exit.o(.text)
    __rt_SIGRTRED_inner                      0x00001215   Thumb Code    14  defsig_rtred_inner.o(.text)
    _sys_exit                                0x00001249   Thumb Code     8  sys_exit.o(.text)
    __Heap_Initialize                        0x00001255   Thumb Code    10  h1_init.o(.text)
    __Heap_DescSize                          0x0000125f   Thumb Code     4  h1_init.o(.text)
    __Heap_ProvideMemory                     0x00001263   Thumb Code    52  h1_extend.o(.text)
    _ftell_internal                          0x00001297   Thumb Code    66  ftell.o(.text)
    ftell                                    0x00001297   Thumb Code     0  ftell.o(.text)
    __default_signal_display                 0x000012d9   Thumb Code    50  defsig_general.o(.text)
    __rt_SIGRTMEM                            0x0000130b   Thumb Code    14  defsig_rtmem_outer.o(.text)
    _ttywrch                                 0x00001319   Thumb Code    14  sys_wrch.o(.text)
    __I$use$semihosting                      0x00001327   Thumb Code     0  use_no_semi.o(.text)
    __use_no_semihosting_swi                 0x00001327   Thumb Code     2  use_no_semi.o(.text)
    __rt_SIGRTMEM_inner                      0x00001329   Thumb Code    22  defsig_rtmem_inner.o(.text)
    __semihosting_library_function           0x00001329   Thumb Code     0  indicate_semi.o(.text)
    arm_mult_f32                             0x00001379   Thumb Code   146  arm_mult_f32.o(.text.arm_mult_f32)
    _btod_d2e                                0x0000140b   Thumb Code    62  btod.o(CL$$btod_d2e)
    _d2e_denorm_low                          0x00001449   Thumb Code    70  btod.o(CL$$btod_d2e_denorm_low)
    _d2e_norm_op1                            0x0000148f   Thumb Code    96  btod.o(CL$$btod_d2e_norm_op1)
    __btod_div_common                        0x000014ef   Thumb Code   696  btod.o(CL$$btod_div_common)
    _e2e                                     0x00001827   Thumb Code   220  btod.o(CL$$btod_e2e)
    _btod_ediv                               0x00001903   Thumb Code    42  btod.o(CL$$btod_ediv)
    _btod_emul                               0x0000192d   Thumb Code    42  btod.o(CL$$btod_emul)
    __btod_mult_common                       0x00001957   Thumb Code   580  btod.o(CL$$btod_mult_common)
    ITM_SendChar                             0x00001b9d   Thumb Code    42  retarget_io.o(i.ITM_SendChar)
    SystemInit                               0x00001bcd   Thumb Code    30  system_armcm4.o(i.SystemInit)
    __ARM_fpclassify                         0x00001bfd   Thumb Code    48  fpclassify.o(i.__ARM_fpclassify)
    _sys_close                               0x00001c2d   Thumb Code    38  retarget_io.o(i._sys_close)
    _sys_flen                                0x00001c53   Thumb Code    36  retarget_io.o(i._sys_flen)
    _sys_istty                               0x00001c77   Thumb Code    36  retarget_io.o(i._sys_istty)
    _sys_open                                0x00001c9d   Thumb Code    80  retarget_io.o(i._sys_open)
    _sys_seek                                0x00001d05   Thumb Code    44  retarget_io.o(i._sys_seek)
    _sys_write                               0x00001d31   Thumb Code    70  retarget_io.o(i._sys_write)
    fputc                                    0x00001d77   Thumb Code    26  fputc.o(i.fputc)
    main                                     0x00001d91   Thumb Code    18  main.o(i.main)
    multiplication                           0x00001dad   Thumb Code   244  multiplication.o(i.multiplication)
    _get_lc_numeric                          0x00001ed9   Thumb Code    44  lc_numeric_c.o(locale$$code)
    asm_multiplication                       0x00001f05   Thumb Code     0  asm_multiplication.o(test)
    __fpl_dretinf                            0x00001f2f   Thumb Code    12  dretinf.o(x$fpl$dretinf)
    __aeabi_f2d                              0x00001f3d   Thumb Code     0  f2d.o(x$fpl$f2d)
    _f2d                                     0x00001f3d   Thumb Code    86  f2d.o(x$fpl$f2d)
    __fpl_fnaninf                            0x00001f93   Thumb Code   140  fnaninf.o(x$fpl$fnaninf)
    _fp_init                                 0x0000201f   Thumb Code    10  fpinit.o(x$fpl$fpinit)
    __fplib_config_fpu_vfp                   0x00002027   Thumb Code     0  fpinit.o(x$fpl$fpinit)
    __fplib_config_pureend_doubles           0x00002027   Thumb Code     0  fpinit.o(x$fpl$fpinit)
    _printf_fp_dec                           0x00002029   Thumb Code     4  printf1.o(x$fpl$printf1)
    __I$use$fp                               0x0000202c   Number         0  usenofp.o(x$fpl$usenofp)
    __stdin_name                             0x0000202c   Data           7  retarget_io.o(.constdata)
    __stdout_name                            0x00002033   Data           8  retarget_io.o(.constdata)
    __stderr_name                            0x0000203b   Data           8  retarget_io.o(.constdata)
    Region$$Table$$Base                      0x000020d8   Number         0  anon$$obj.o(Region$$Table)
    Region$$Table$$Limit                     0x000020f8   Number         0  anon$$obj.o(Region$$Table)
    f10_array                                0x20000000   Data          40  main.o(.data)
    f1000_array                              0x20000028   Data        4000  main.o(.data)
    g1000_array                              0x20000fc8   Data        4000  main.o(.data)
    SystemCoreClock                          0x20001f68   Data           4  system_armcm4.o(.data)
    __aeabi_stdin                            0x20001f6c   Data           4  stdio_streams.o(.data)
    __aeabi_stdout                           0x20001f70   Data           4  stdio_streams.o(.data)
    __aeabi_stderr                           0x20001f74   Data           4  stdio_streams.o(.data)
    DSP_mult                                 0x20001f78   Data        4000  multiplication.o(.bss)
    result                                   0x20002f18   Data        4000  multiplication.o(.bss)
    __stdin                                  0x20003eb8   Data          84  stdio_streams.o(.bss)
    __stdout                                 0x20003f0c   Data          84  stdio_streams.o(.bss)
    __stderr                                 0x20003f60   Data          84  stdio_streams.o(.bss)
    __libspace_start                         0x20003fb4   Data          96  libspace.o(.bss)
    __temporary_stack_top$libspace           0x20004014   Data           0  libspace.o(.bss)



==============================================================================

Memory Map of the image

  Image Entry point : 0x000001d1

  Load Region LR_1 (Base: 0x00000000, Size: 0x0000408c, Max: 0xffffffff, ABSOLUTE, COMPRESSED[0x00002f84])

    Execution Region ER_RO (Exec base: 0x00000000, Load base: 0x00000000, Size: 0x00002114, Max: 0xffffffff, ABSOLUTE)

    Exec Addr    Load Addr    Size         Type   Attr      Idx    E Section Name        Object

    0x00000000   0x00000000   0x000000c0   Data   RO          204    RESET               startup_armcm4.o
    0x000000c0   0x000000c0   0x00000008   Code   RO          317  * !!!main             c_w.l(__main.o)
    0x000000c8   0x000000c8   0x00000034   Code   RO          751    !!!scatter          c_w.l(__scatter.o)
    0x000000fc   0x000000fc   0x00000064   Code   RO          749    !!dclz77c           c_w.l(__dclz77c.o)
    0x00000160   0x00000160   0x0000001c   Code   RO          753    !!handler_zi        c_w.l(__scatter_zi.o)
    0x0000017c   0x0000017c   0x00000000   Code   RO          312    .ARM.Collect$$_printf_percent$$00000000  c_w.l(_printf_percent.o)
    0x0000017c   0x0000017c   0x00000006   Code   RO          311    .ARM.Collect$$_printf_percent$$00000003  c_w.l(_printf_f.o)
    0x00000182   0x00000182   0x00000004   Code   RO          356    .ARM.Collect$$_printf_percent$$00000017  c_w.l(_printf_percent_end.o)
    0x00000186   0x00000186   0x00000002   Code   RO          546    .ARM.Collect$$libinit$$00000000  c_w.l(libinit.o)
    0x00000188   0x00000188   0x00000004   Code   RO          547    .ARM.Collect$$libinit$$00000001  c_w.l(libinit2.o)
    0x0000018c   0x0000018c   0x00000000   Code   RO          550    .ARM.Collect$$libinit$$00000004  c_w.l(libinit2.o)
    0x0000018c   0x0000018c   0x00000008   Code   RO          551    .ARM.Collect$$libinit$$00000005  c_w.l(libinit2.o)
    0x00000194   0x00000194   0x00000000   Code   RO          553    .ARM.Collect$$libinit$$0000000A  c_w.l(libinit2.o)
    0x00000194   0x00000194   0x00000000   Code   RO          555    .ARM.Collect$$libinit$$0000000C  c_w.l(libinit2.o)
    0x00000194   0x00000194   0x00000000   Code   RO          557    .ARM.Collect$$libinit$$0000000E  c_w.l(libinit2.o)
    0x00000194   0x00000194   0x00000006   Code   RO          558    .ARM.Collect$$libinit$$0000000F  c_w.l(libinit2.o)
    0x0000019a   0x0000019a   0x00000000   Code   RO          560    .ARM.Collect$$libinit$$00000011  c_w.l(libinit2.o)
    0x0000019a   0x0000019a   0x00000000   Code   RO          562    .ARM.Collect$$libinit$$00000013  c_w.l(libinit2.o)
    0x0000019a   0x0000019a   0x00000000   Code   RO          564    .ARM.Collect$$libinit$$00000015  c_w.l(libinit2.o)
    0x0000019a   0x0000019a   0x0000000a   Code   RO          565    .ARM.Collect$$libinit$$00000016  c_w.l(libinit2.o)
    0x000001a4   0x000001a4   0x00000000   Code   RO          566    .ARM.Collect$$libinit$$00000017  c_w.l(libinit2.o)
    0x000001a4   0x000001a4   0x00000000   Code   RO          568    .ARM.Collect$$libinit$$00000019  c_w.l(libinit2.o)
    0x000001a4   0x000001a4   0x00000000   Code   RO          570    .ARM.Collect$$libinit$$0000001B  c_w.l(libinit2.o)
    0x000001a4   0x000001a4   0x00000000   Code   RO          572    .ARM.Collect$$libinit$$0000001D  c_w.l(libinit2.o)
    0x000001a4   0x000001a4   0x00000000   Code   RO          574    .ARM.Collect$$libinit$$0000001F  c_w.l(libinit2.o)
    0x000001a4   0x000001a4   0x00000000   Code   RO          576    .ARM.Collect$$libinit$$00000021  c_w.l(libinit2.o)
    0x000001a4   0x000001a4   0x00000000   Code   RO          578    .ARM.Collect$$libinit$$00000023  c_w.l(libinit2.o)
    0x000001a4   0x000001a4   0x00000004   Code   RO          579    .ARM.Collect$$libinit$$00000024  c_w.l(libinit2.o)
    0x000001a8   0x000001a8   0x00000000   Code   RO          580    .ARM.Collect$$libinit$$00000025  c_w.l(libinit2.o)
    0x000001a8   0x000001a8   0x00000000   Code   RO          584    .ARM.Collect$$libinit$$0000002C  c_w.l(libinit2.o)
    0x000001a8   0x000001a8   0x00000000   Code   RO          586    .ARM.Collect$$libinit$$0000002E  c_w.l(libinit2.o)
    0x000001a8   0x000001a8   0x00000000   Code   RO          588    .ARM.Collect$$libinit$$00000030  c_w.l(libinit2.o)
    0x000001a8   0x000001a8   0x00000000   Code   RO          590    .ARM.Collect$$libinit$$00000032  c_w.l(libinit2.o)
    0x000001a8   0x000001a8   0x00000002   Code   RO          591    .ARM.Collect$$libinit$$00000033  c_w.l(libinit2.o)
    0x000001aa   0x000001aa   0x00000002   Code   RO          728    .ARM.Collect$$libshutdown$$00000000  c_w.l(libshutdown.o)
    0x000001ac   0x000001ac   0x00000000   Code   RO          593    .ARM.Collect$$libshutdown$$00000002  c_w.l(libshutdown2.o)
    0x000001ac   0x000001ac   0x00000004   Code   RO          594    .ARM.Collect$$libshutdown$$00000003  c_w.l(libshutdown2.o)
    0x000001b0   0x000001b0   0x00000000   Code   RO          595    .ARM.Collect$$libshutdown$$00000004  c_w.l(libshutdown2.o)
    0x000001b0   0x000001b0   0x00000000   Code   RO          598    .ARM.Collect$$libshutdown$$00000007  c_w.l(libshutdown2.o)
    0x000001b0   0x000001b0   0x00000000   Code   RO          601    .ARM.Collect$$libshutdown$$0000000A  c_w.l(libshutdown2.o)
    0x000001b0   0x000001b0   0x00000000   Code   RO          603    .ARM.Collect$$libshutdown$$0000000C  c_w.l(libshutdown2.o)
    0x000001b0   0x000001b0   0x00000000   Code   RO          606    .ARM.Collect$$libshutdown$$0000000F  c_w.l(libshutdown2.o)
    0x000001b0   0x000001b0   0x00000002   Code   RO          607    .ARM.Collect$$libshutdown$$00000010  c_w.l(libshutdown2.o)
    0x000001b2   0x000001b2   0x00000000   Code   RO          349    .ARM.Collect$$rtentry$$00000000  c_w.l(__rtentry.o)
    0x000001b2   0x000001b2   0x00000000   Code   RO          377    .ARM.Collect$$rtentry$$00000002  c_w.l(__rtentry2.o)
    0x000001b2   0x000001b2   0x00000006   Code   RO          389    .ARM.Collect$$rtentry$$00000004  c_w.l(__rtentry4.o)
    0x000001b8   0x000001b8   0x00000000   Code   RO          379    .ARM.Collect$$rtentry$$00000009  c_w.l(__rtentry2.o)
    0x000001b8   0x000001b8   0x00000004   Code   RO          380    .ARM.Collect$$rtentry$$0000000A  c_w.l(__rtentry2.o)
    0x000001bc   0x000001bc   0x00000000   Code   RO          382    .ARM.Collect$$rtentry$$0000000C  c_w.l(__rtentry2.o)
    0x000001bc   0x000001bc   0x00000008   Code   RO          383    .ARM.Collect$$rtentry$$0000000D  c_w.l(__rtentry2.o)
    0x000001c4   0x000001c4   0x00000002   Code   RO          610    .ARM.Collect$$rtexit$$00000000  c_w.l(rtexit.o)
    0x000001c6   0x000001c6   0x00000000   Code   RO          666    .ARM.Collect$$rtexit$$00000002  c_w.l(rtexit2.o)
    0x000001c6   0x000001c6   0x00000004   Code   RO          667    .ARM.Collect$$rtexit$$00000003  c_w.l(rtexit2.o)
    0x000001ca   0x000001ca   0x00000006   Code   RO          668    .ARM.Collect$$rtexit$$00000004  c_w.l(rtexit2.o)
    0x000001d0   0x000001d0   0x00000000   Code   RO          672    .emb_text           c_w.l(maybetermalloc1.o)
    0x000001d0   0x000001d0   0x00000040   Code   RO          205  * .text               startup_armcm4.o
    0x00000210   0x00000210   0x00000018   Code   RO          287    .text               c_w.l(noretval__2printf.o)
    0x00000228   0x00000228   0x00000068   Code   RO          289    .text               c_w.l(__printf.o)
    0x00000290   0x00000290   0x00000080   Code   RO          313    .text               c_w.l(strcmpv7m.o)
    0x00000310   0x00000310   0x00000006   Code   RO          315    .text               c_w.l(heapauxi.o)
    0x00000316   0x00000316   0x0000041e   Code   RO          352    .text               c_w.l(_printf_fp_dec.o)
    0x00000734   0x00000734   0x00000024   Code   RO          354    .text               c_w.l(_printf_char_file.o)
    0x00000758   0x00000758   0x00000008   Code   RO          394    .text               c_w.l(rt_locale_intlibspace.o)
    0x00000760   0x00000760   0x00000008   Code   RO          399    .text               c_w.l(rt_errno_addr_intlibspace.o)
    0x00000768   0x00000768   0x0000008a   Code   RO          401    .text               c_w.l(lludiv10.o)
    0x000007f2   0x000007f2   0x00000002   PAD
    0x000007f4   0x000007f4   0x00000030   Code   RO          403    .text               c_w.l(_printf_char_common.o)
    0x00000824   0x00000824   0x00000080   Code   RO          405    .text               c_w.l(_printf_fp_infnan.o)
    0x000008a4   0x000008a4   0x000000e4   Code   RO          407    .text               c_w.l(bigflt0.o)
    0x00000988   0x00000988   0x00000008   Code   RO          432    .text               c_w.l(ferror.o)
    0x00000990   0x00000990   0x00000138   Code   RO          438    .text               c_w.l(initio.o)
    0x00000ac8   0x00000ac8   0x00000008   Code   RO          455    .text               c_w.l(libspace.o)
    0x00000ad0   0x00000ad0   0x0000004a   Code   RO          460    .text               c_w.l(sys_stackheap_outer.o)
    0x00000b1a   0x00000b1a   0x0000004e   Code   RO          464    .text               c_w.l(h1_free.o)
    0x00000b68   0x00000b68   0x000001d6   Code   RO          520    .text               c_w.l(flsbuf.o)
    0x00000d3e   0x00000d3e   0x00000046   Code   RO          522    .text               c_w.l(setvbuf.o)
    0x00000d84   0x00000d84   0x000000ec   Code   RO          525    .text               c_w.l(fopen.o)
    0x00000e70   0x00000e70   0x0000004c   Code   RO          527    .text               c_w.l(fclose.o)
    0x00000ebc   0x00000ebc   0x00000012   Code   RO          533    .text               c_w.l(exit.o)
    0x00000ece   0x00000ece   0x0000000e   Code   RO          535    .text               c_w.l(defsig_rtred_outer.o)
    0x00000edc   0x00000edc   0x0000004e   Code   RO          539    .text               c_w.l(rt_memclr_w.o)
    0x00000f2a   0x00000f2a   0x00000002   PAD
    0x00000f2c   0x00000f2c   0x00000008   Code   RO          617    .text               c_w.l(rt_heap_descriptor_intlibspace.o)
    0x00000f34   0x00000f34   0x00000004   Code   RO          619    .text               c_w.l(hguard.o)
    0x00000f38   0x00000f38   0x0000008a   Code   RO          621    .text               c_w.l(init_alloc.o)
    0x00000fc2   0x00000fc2   0x0000005e   Code   RO          627    .text               c_w.l(h1_alloc.o)
    0x00001020   0x00001020   0x000000f8   Code   RO          643    .text               c_w.l(fseek.o)
    0x00001118   0x00001118   0x000000f0   Code   RO          645    .text               c_w.l(stdio.o)
    0x00001208   0x00001208   0x0000000a   Code   RO          651    .text               c_w.l(defsig_exit.o)
    0x00001212   0x00001212   0x00000002   PAD
    0x00001214   0x00001214   0x00000034   Code   RO          653    .text               c_w.l(defsig_rtred_inner.o)
    0x00001248   0x00001248   0x0000000c   Code   RO          663    .text               c_w.l(sys_exit.o)
    0x00001254   0x00001254   0x0000000e   Code   RO          674    .text               c_w.l(h1_init.o)
    0x00001262   0x00001262   0x00000034   Code   RO          676    .text               c_w.l(h1_extend.o)
    0x00001296   0x00001296   0x00000042   Code   RO          686    .text               c_w.l(ftell.o)
    0x000012d8   0x000012d8   0x00000032   Code   RO          694    .text               c_w.l(defsig_general.o)
    0x0000130a   0x0000130a   0x0000000e   Code   RO          696    .text               c_w.l(defsig_rtmem_outer.o)
    0x00001318   0x00001318   0x0000000e   Code   RO          711    .text               c_w.l(sys_wrch.o)
    0x00001326   0x00001326   0x00000002   Code   RO          715    .text               c_w.l(use_no_semi.o)
    0x00001328   0x00001328   0x00000000   Code   RO          717    .text               c_w.l(indicate_semi.o)
    0x00001328   0x00001328   0x00000050   Code   RO          722    .text               c_w.l(defsig_rtmem_inner.o)
    0x00001378   0x00001378   0x00000092   Code   RO          263    .text.arm_mult_f32  arm_cortexM4lf_math.lib(arm_mult_f32.o)
    0x0000140a   0x0000140a   0x0000003e   Code   RO          410    CL$$btod_d2e        c_w.l(btod.o)
    0x00001448   0x00001448   0x00000046   Code   RO          412    CL$$btod_d2e_denorm_low  c_w.l(btod.o)
    0x0000148e   0x0000148e   0x00000060   Code   RO          411    CL$$btod_d2e_norm_op1  c_w.l(btod.o)
    0x000014ee   0x000014ee   0x00000338   Code   RO          420    CL$$btod_div_common  c_w.l(btod.o)
    0x00001826   0x00001826   0x000000dc   Code   RO          417    CL$$btod_e2e        c_w.l(btod.o)
    0x00001902   0x00001902   0x0000002a   Code   RO          414    CL$$btod_ediv       c_w.l(btod.o)
    0x0000192c   0x0000192c   0x0000002a   Code   RO          413    CL$$btod_emul       c_w.l(btod.o)
    0x00001956   0x00001956   0x00000244   Code   RO          419    CL$$btod_mult_common  c_w.l(btod.o)
    0x00001b9a   0x00001b9a   0x00000002   PAD
    0x00001b9c   0x00001b9c   0x00000030   Code   RO          115    i.ITM_SendChar      retarget_io.o
    0x00001bcc   0x00001bcc   0x00000030   Code   RO          213    i.SystemInit        system_armcm4.o
    0x00001bfc   0x00001bfc   0x00000030   Code   RO          453    i.__ARM_fpclassify  m_wm.l(fpclassify.o)
    0x00001c2c   0x00001c2c   0x00000026   Code   RO          116    i._sys_close        retarget_io.o
    0x00001c52   0x00001c52   0x00000024   Code   RO          117    i._sys_flen         retarget_io.o
    0x00001c76   0x00001c76   0x00000024   Code   RO          118    i._sys_istty        retarget_io.o
    0x00001c9a   0x00001c9a   0x00000002   PAD
    0x00001c9c   0x00001c9c   0x00000068   Code   RO          119    i._sys_open         retarget_io.o
    0x00001d04   0x00001d04   0x0000002c   Code   RO          121    i._sys_seek         retarget_io.o
    0x00001d30   0x00001d30   0x00000046   Code   RO          122    i._sys_write        retarget_io.o
    0x00001d76   0x00001d76   0x0000001a   Code   RO          435    i.fputc             c_w.l(fputc.o)
    0x00001d90   0x00001d90   0x0000001c   Code   RO            4    i.main              main.o
    0x00001dac   0x00001dac   0x00000120   Code   RO           63    i.multiplication    multiplication.o
    0x00001ecc   0x00001ecc   0x0000000c   Code   RO          123    i.stdout_putchar    retarget_io.o
    0x00001ed8   0x00001ed8   0x0000002c   Code   RO          447    locale$$code        c_w.l(lc_numeric_c.o)
    0x00001f04   0x00001f04   0x0000002a   Code   RO          108    test                asm_multiplication.o
    0x00001f2e   0x00001f2e   0x0000000c   Code   RO          367    x$fpl$dretinf       fz_wm.l(dretinf.o)
    0x00001f3a   0x00001f3a   0x00000002   PAD
    0x00001f3c   0x00001f3c   0x00000056   Code   RO          321    x$fpl$f2d           fz_wm.l(f2d.o)
    0x00001f92   0x00001f92   0x0000008c   Code   RO          371    x$fpl$fnaninf       fz_wm.l(fnaninf.o)
    0x0000201e   0x0000201e   0x0000000a   Code   RO          661    x$fpl$fpinit        fz_wm.l(fpinit.o)
    0x00002028   0x00002028   0x00000004   Code   RO          323    x$fpl$printf1       fz_wm.l(printf1.o)
    0x0000202c   0x0000202c   0x00000000   Code   RO          375    x$fpl$usenofp       fz_wm.l(usenofp.o)
    0x0000202c   0x0000202c   0x00000017   Data   RO          124    .constdata          retarget_io.o
    0x00002043   0x00002043   0x00000001   PAD
    0x00002044   0x00002044   0x00000094   Data   RO          408    .constdata          c_w.l(bigflt0.o)
    0x000020d8   0x000020d8   0x00000020   Data   RO          747    Region$$Table       anon$$obj.o
    0x000020f8   0x000020f8   0x0000001c   Data   RO          446    locale$$data        c_w.l(lc_numeric_c.o)


    Execution Region ER_RW (Exec base: 0x20000000, Load base: 0x00002114, Size: 0x00001f78, Max: 0xffffffff, ABSOLUTE, COMPRESSED[0x00000e70])

    Exec Addr    Load Addr    Size         Type   Attr      Idx    E Section Name        Object

    0x20000000   COMPRESSED   0x00001f68   Data   RW            5    .data               main.o
    0x20001f68   COMPRESSED   0x00000004   Data   RW          214    .data               system_armcm4.o
    0x20001f6c   COMPRESSED   0x00000004   Data   RW          360    .data               c_w.l(stdio_streams.o)
    0x20001f70   COMPRESSED   0x00000004   Data   RW          361    .data               c_w.l(stdio_streams.o)
    0x20001f74   COMPRESSED   0x00000004   Data   RW          362    .data               c_w.l(stdio_streams.o)


    Execution Region ER_ZI (Exec base: 0x20001f78, Load base: 0x00002f84, Size: 0x000030a0, Max: 0xffffffff, ABSOLUTE)

    Exec Addr    Load Addr    Size         Type   Attr      Idx    E Section Name        Object

    0x20001f78        -       0x00001f40   Zero   RW           64    .bss                multiplication.o
    0x20003eb8        -       0x00000054   Zero   RW          357    .bss                c_w.l(stdio_streams.o)
    0x20003f0c        -       0x00000054   Zero   RW          358    .bss                c_w.l(stdio_streams.o)
    0x20003f60        -       0x00000054   Zero   RW          359    .bss                c_w.l(stdio_streams.o)
    0x20003fb4        -       0x00000060   Zero   RW          456    .bss                c_w.l(libspace.o)
    0x20004014   0x00002f84   0x00000004   PAD
    0x20004018        -       0x00000c00   Zero   RW          203    HEAP                startup_armcm4.o
    0x20004c18        -       0x00000400   Zero   RW          202    STACK               startup_armcm4.o


==============================================================================

Image component sizes


      Code (inc. data)   RO Data    RW Data    ZI Data      Debug   Object Name

        42          0          0          0          0        276   asm_multiplication.o
        28         10          0       8040          0       5787   main.o
       288         44          0          0       8000       1567   multiplication.o
       388         30         23          0          0       6798   retarget_io.o
        64         26        192          0       4096        912   startup_armcm4.o
        48         18          0          4          0        763   system_armcm4.o

    ----------------------------------------------------------------------
       860        128        248       8044      12096      16103   Object Totals
         0          0         32          0          0          0   (incl. Generated)
         2          0          1          0          0          0   (incl. Padding)

    ----------------------------------------------------------------------

      Code (inc. data)   RO Data    RW Data    ZI Data      Debug   Library Member Name

       146          0          0          0          0       1015   arm_mult_f32.o
       100          0          0          0          0          0   __dclz77c.o
         8          0          0          0          0         68   __main.o
       104          0          0          0          0         84   __printf.o
         0          0          0          0          0          0   __rtentry.o
        12          0          0          0          0          0   __rtentry2.o
         6          0          0          0          0          0   __rtentry4.o
        52          8          0          0          0          0   __scatter.o
        28          0          0          0          0          0   __scatter_zi.o
        48          6          0          0          0         96   _printf_char_common.o
        36          4          0          0          0         80   _printf_char_file.o
         6          0          0          0          0          0   _printf_f.o
      1054          0          0          0          0        216   _printf_fp_dec.o
       128         16          0          0          0         84   _printf_fp_infnan.o
         0          0          0          0          0          0   _printf_percent.o
         4          0          0          0          0          0   _printf_percent_end.o
       228          4        148          0          0         96   bigflt0.o
      1936        128          0          0          0        672   btod.o
        10          0          0          0          0         68   defsig_exit.o
        50          0          0          0          0         88   defsig_general.o
        80         58          0          0          0         76   defsig_rtmem_inner.o
        14          0          0          0          0         80   defsig_rtmem_outer.o
        52         38          0          0          0         76   defsig_rtred_inner.o
        14          0          0          0          0         80   defsig_rtred_outer.o
        18          0          0          0          0         80   exit.o
        76          0          0          0          0         88   fclose.o
         8          0          0          0          0         68   ferror.o
       470          0          0          0          0         88   flsbuf.o
       236          4          0          0          0        128   fopen.o
        26          0          0          0          0         68   fputc.o
       248          6          0          0          0         84   fseek.o
        66          0          0          0          0         76   ftell.o
        94          0          0          0          0         80   h1_alloc.o
        52          0          0          0          0         68   h1_extend.o
        78          0          0          0          0         80   h1_free.o
        14          0          0          0          0         84   h1_init.o
         6          0          0          0          0        152   heapauxi.o
         4          0          0          0          0        136   hguard.o
         0          0          0          0          0          0   indicate_semi.o
       138          0          0          0          0        168   init_alloc.o
       312         46          0          0          0        112   initio.o
        44         10         28          0          0         76   lc_numeric_c.o
         2          0          0          0          0          0   libinit.o
        34          0          0          0          0          0   libinit2.o
         2          0          0          0          0          0   libshutdown.o
         6          0          0          0          0          0   libshutdown2.o
         8          4          0          0         96         68   libspace.o
       138          0          0          0          0         80   lludiv10.o
         0          0          0          0          0          0   maybetermalloc1.o
        24          4          0          0          0         84   noretval__2printf.o
         8          4          0          0          0         68   rt_errno_addr_intlibspace.o
         8          4          0          0          0         68   rt_heap_descriptor_intlibspace.o
         8          4          0          0          0         68   rt_locale_intlibspace.o
        78          0          0          0          0         80   rt_memclr_w.o
         2          0          0          0          0          0   rtexit.o
        10          0          0          0          0          0   rtexit2.o
        70          0          0          0          0         80   setvbuf.o
       240          6          0          0          0        156   stdio.o
         0          0          0         12        252          0   stdio_streams.o
       128          0          0          0          0         68   strcmpv7m.o
        12          4          0          0          0         68   sys_exit.o
        74          0          0          0          0         80   sys_stackheap_outer.o
        14          0          0          0          0         76   sys_wrch.o
         2          0          0          0          0         68   use_no_semi.o
        12          0          0          0          0        116   dretinf.o
        86          4          0          0          0        132   f2d.o
       140          4          0          0          0        132   fnaninf.o
        10          0          0          0          0        116   fpinit.o
         4          0          0          0          0        116   printf1.o
         0          0          0          0          0          0   usenofp.o
        48          0          0          0          0        124   fpclassify.o

    ----------------------------------------------------------------------
      7184        366        176         12        352       6363   Library Totals
        10          0          0          0          4          0   (incl. Padding)

    ----------------------------------------------------------------------

      Code (inc. data)   RO Data    RW Data    ZI Data      Debug   Library Name

       146          0          0          0          0       1015   arm_cortexM4lf_math.lib
      6728        358        176         12        348       4612   c_w.l
       252          8          0          0          0        612   fz_wm.l
        48          0          0          0          0        124   m_wm.l

    ----------------------------------------------------------------------
      7184        366        176         12        352       6363   Library Totals

    ----------------------------------------------------------------------

==============================================================================


      Code (inc. data)   RO Data    RW Data    ZI Data      Debug   

      8044        494        424       8056      12448      18566   Grand Totals
      8044        494        424       3696      12448      18566   ELF Image Totals (compressed)
      8044        494        424       3696          0          0   ROM Totals

==============================================================================

    Total RO  Size (Code + RO Data)                 8468 (   8.27kB)
    Total RW  Size (RW Data + ZI Data)             20504 (  20.02kB)
    Total ROM Size (Code + RO Data + RW Data)      12164 (  11.88kB)

==============================================================================

